// Jest Snapshot v1, https://goo.gl/fbAQLP

exports[`Main App component should match snapshot 1`] = `"<div class=\\"App\\"><header><label for=\\"citySelection\\">Select a city:</label><div class=\\"selectDropdown\\"><select id=\\"citySelection\\"><option value=\\"edmonton\\">Edmonton</option><option value=\\"vancouver\\">Vancouver</option><option value=\\"calgary\\">Calgary</option><option value=\\"montreal\\">Montreal</option><option value=\\"toronto\\">Toronto</option></select></div></header><div class=\\"card \\"><div class=\\"cardUpperPortion\\" style=\\"background-image: url(undefined);\\"><div class=\\"cardInfo\\"><div class=\\"cardTemperature\\"></div><div class=\\"currentCondition\\"></div></div><h2 class=\\"cityNameTitle\\"></h2></div><div class=\\"cardBottomPortion\\"><div class=\\"cardDetail\\"><ul class=\\"forecastsWrapper\\"></ul></div></div></div></div>"`;
